Microchip MPLAB XC8 Compiler V2.32

Linker command line:

-W-3 --edf=C:\Program Files\Microchip\xc8\v2.32\pic\dat\en_msgs.txt -cn \
  -h+dist/default/debug\Binary-CLock.X.debug.sym \
  --cmf=dist/default/debug\Binary-CLock.X.debug.cmf -z -Q18F4520 \
  -oC:\Users\kubon\AppData\Local\Temp\xcAsbug.4 --defsym=__MPLAB_BUILD=1 \
  -Mdist/default/debug/Binary-CLock.X.debug.map -E1 -ver=XC8 Compiler \
  --acfsm=1493 -ASTACK=0C0h-05FFh -pstack=STACK -ACODE=00h-07FFFh \
  -ACONST=00h-07FFFh -ASMALLCONST=0600h-06FFhx122 \
  -AMEDIUMCONST=0600h-07FFFh -ACOMRAM=01h-07Fh -AABS1=00h-05FFh \
  -ABIGRAM=01h-05FFh -ARAM=080h-0FFh,0100h-01FFhx5 -ABANK0=080h-0FFh \
  -ABANK1=0100h-01FFh -ABANK2=0200h-02FFh -ABANK3=0300h-03FFh \
  -ABANK4=0400h-04FFh -ABANK5=0500h-05FFh -ASFR=0F80h-0FFFh \
  -ACONFIG=0300000h-030000Dh -AIDLOC=0200000h-0200007h \
  -AEEDATA=0F00000h-0F000FFh -peeprom_data=EEDATA \
  -preset_vec=00h,intcode=08h,intcodelo,powerup,init -pramtop=0600h \
  -psmallconst=SMALLCONST -pmediumconst=MEDIUMCONST -pconst=CONST \
  -AFARRAM=00h-00h \
  -prdata=COMRAM,nvrram=COMRAM,nvbit=COMRAM,rbss=COMRAM,rbit=COMRAM \
  -pfarbss=FARRAM,fardata=FARRAM,nvFARRAM=FARRAM \
  -pintsave_regs=BIGRAM,bigbss=BIGRAM,bigdata=BIGRAM -pbss=RAM \
  -pidata=CODE,irdata=CODE,ibigdata=CODE,ifardata=CODE -prparam=COMRAM \
  C:\Users\kubon\AppData\Local\Temp\xcAsbug.o \
  dist/default/debug\Binary-CLock.X.debug.o 

Object code version is 3.11

Machine type is 18F4520



                Name                               Link     Load   Length Selector   Space Scale
C:\Users\kubon\AppData\Local\Temp\xcAsbug.o
                idloc                            200000   200000        8        0       5
                config                           300000   300000        E        0       4
                init                                  E        E        4        4       0
                reset_vec                             0        0        4        0       0
dist/default/debug\Binary-CLock.X.debug.o
                intcode                               8        8        6        4       0
                idloc                            200000   200000        8        0       5
                config                           300000   300000        E        0       4
                temp                                 51       51        1        1       1
                smallconst                          600      600        8      300       0
                text14                              C1C      C1C       B0      304       0
                text13                              AA2      AA2       C4      304       0
                text12                              FD6      FD6       16      304       0
                text11                              D64      D64       96      304       0
                text10                              7B4      7B4      1A4      304       0
                text9                               E70      E70       72      304       0
                text8                               F98      F98       26      304       0
                text7                               B66      B66       B6      304       0
                intcode_body                        958      958      14A      304       0
                text5                               FBE      FBE       18      304       0
                text4                               CCC      CCC       98      304       0
                text3                               608      608      1AC      304       0
                text2                               DFA      DFA       76      304       0
                text1                               F70      F70       28      304       0
                text0                               EE2      EE2       48      304       0
                cstackCOMRAM                          1        1       37        1       1
                cstackBANK0                          A0       A0       20       80       1
                bssBANK0                             80       80       20       80       1
                dataCOMRAM                           46       46        B        1       1
                bssCOMRAM                            38       38        E        1       1
                cinit                               F2A      F2A       46      304       0
                idataCOMRAM                         FEC      FEC        B      304       0

TOTAL           Name                               Link     Load   Length     Space
        CLASS   STACK          

        CLASS   CODE           
                intcode                               8        8        6         0
                init                                  E        E        4         0
                reset_vec                             0        0        4         0
                text14                              C1C      C1C       B0         0
                text13                              AA2      AA2       C4         0
                text12                              FD6      FD6       16         0
                text11                              D64      D64       96         0
                text10                              7B4      7B4      1A4         0
                text9                               E70      E70       72         0
                text8                               F98      F98       26         0
                text7                               B66      B66       B6         0
                intcode_body                        958      958      14A         0
                text5                               FBE      FBE       18         0
                text4                               CCC      CCC       98         0
                text3                               608      608      1AC         0
                text2                               DFA      DFA       76         0
                text1                               F70      F70       28         0
                text0                               EE2      EE2       48         0
                cinit                               F2A      F2A       46         0
                idataCOMRAM                         FEC      FEC        B         0

        CLASS   CONST          

        CLASS   SMALLCONST     
                smallconst                          600      600        8         0

        CLASS   MEDIUMCONST    

        CLASS   COMRAM         
                temp                                 51       51        1         1
                cstackCOMRAM                          1        1       37         1
                dataCOMRAM                           46       46        B         1
                bssCOMRAM                            38       38        E         1

        CLASS   ABS1           

        CLASS   BIGRAM         

        CLASS   RAM            

        CLASS   BANK0          
                cstackBANK0                          A0       A0       20         1
                bssBANK0                             80       80       20         1

        CLASS   BANK1          

        CLASS   BANK2          

        CLASS   BANK3          

        CLASS   BANK4          

        CLASS   BANK5          

        CLASS   SFR            

        CLASS   CONFIG         
                config                           300000   300000        E         4

        CLASS   IDLOC          
                idloc                            200000   200000        8         5

        CLASS   EEDATA         

        CLASS   FARRAM         



SEGMENTS        Name                           Load    Length   Top    Selector   Space  Class

                reset_vec                      000000  000004  000004         0       0  CODE    
                cstackCOMRAM                   000001  000051  000052         1       1  COMRAM  
                intcode                        000008  00000A  000012         4       0  CODE    
                bssBANK0                       000080  000040  0000C0        80       1  BANK0   
                smallconst                     000600  000008  000608       300       0  SMALLCON
                text3                          000608  0009EF  000FF7       304       0  CODE    


UNUSED ADDRESS RANGES

        Name                Unused          Largest block    Delta
        BANK0            0000C0-0000FF               40
        BANK1            000100-0001FF              100
        BANK2            000200-0002FF              100
        BANK3            000300-0003FF              100
        BANK4            000400-0004FF              100
        BANK5            000500-0005FF              100
        BIGRAM           000052-00007F               2E
                         0000C0-0005FF              540
        CODE             000004-000007                4
                         000012-0005FF              5EE
                         000FF7-007FFF             7009
        COMRAM           000052-00007F               2E
        CONST            000004-000007                4
                         000012-0005FF              5EE
                         000FF7-007FFF             7009
        EEDATA           F00000-F000FF              100
        MEDIUMCONST      000FF7-007FFF             7009
        RAM              0000C0-0005FF              100
        SFR              000F80-000FFF               80
        SMALLCONST       000FF7-007FFF              100
        STACK            0000C0-0005FF              540

                                  Symbol Table

?___awdiv                          cstackCOMRAM 000001
?___awmod                          cstackCOMRAM 000001
?_printf                           cstackBANK0  0000BC
?_vfpfcnvrt                        cstackBANK0  0000AA
?_vfprintf                         cstackBANK0  0000B4
?i2_printf                         cstackCOMRAM 00001D
?i2_vfpfcnvrt                      cstackCOMRAM 00000B
?i2_vfprintf                       cstackCOMRAM 000015
_Hours                             bssCOMRAM    000040
_INTCON                            (abs)        000FF2
_LATA                              (abs)        000F89
_LATB                              (abs)        000F8A
_LATC                              (abs)        000F8B
_Milsecs                           bssCOMRAM    000044
_Minutes                           bssCOMRAM    000042
_PIE1bits                          (abs)        000F9D
_PIR1bits                          (abs)        000F9E
_RCSTAbits                         (abs)        000FAB
_Seconds                           dataCOMRAM   00004F
_T1CONbits                         (abs)        000FCD
_TMR1                              (abs)        000FCE
_TMR1IF                            (abs)        007CF0
_TRISA                             (abs)        000F92
_TRISB                             (abs)        000F93
_TRISC                             (abs)        000F94
_TRISDbits                         (abs)        000F95
_TXREG                             (abs)        000FAD
_TXSTAbits                         (abs)        000FAC
__HRAM                             (abs)        000000
__Habs1                            abs1         000000
__Hbank0                           bank0        000000
__Hbank1                           bank1        000000
__Hbank2                           bank2        000000
__Hbank3                           bank3        000000
__Hbank4                           bank4        000000
__Hbank5                           bank5        000000
__Hbigbss                          bigbss       000000
__Hbigdata                         bigdata      000000
__Hbigram                          bigram       000000
__Hbss                             bss          000000
__HbssBANK0                        bssBANK0     000000
__HbssCOMRAM                       bssCOMRAM    000000
__Hcinit                           cinit        000000
__Hclrtext                         clrtext      000000
__Hcomram                          comram       000000
__Hconfig                          config       30000E
__Hconst                           const        000000
__HcstackBANK0                     cstackBANK0  000000
__HcstackCOMRAM                    cstackCOMRAM 000000
__Hdata                            data         000000
__HdataCOMRAM                      dataCOMRAM   000000
__Heeprom_data                     eeprom_data  000000
__Hfarbss                          farbss       000000
__Hfardata                         fardata      000000
__Hibigdata                        ibigdata     000000
__Hidata                           idata        000000
__HidataCOMRAM                     idataCOMRAM  000000
__Hidloc                           idloc        200008
__Hifardata                        ifardata     000000
__Hinit                            init         000012
__Hintcode                         intcode      00000E
__Hintcode_body                    intcode_body 000000
__Hintcodelo                       intcodelo    00000E
__Hintentry                        intentry     000000
__Hintret                          intret       000000
__Hintsave_regs                    intsave_regs 000000
__Hirdata                          irdata       000000
__Hmediumconst                     mediumconst  000000
__HnvFARRAM                        nvFARRAM     000000
__Hnvbit                           nvbit        000000
__Hnvrram                          nvrram       000000
__Hparam                           rparam       000000
__Hpowerup                         powerup      00000E
__Hram                             ram          000000
__Hramtop                          ramtop       000600
__Hrbit                            rbit         000000
__Hrbss                            rbss         000000
__Hrdata                           rdata        000000
__Hreset_vec                       reset_vec    000004
__Hrparam                          rparam       000000
__Hsfr                             sfr          000000
__Hsmallconst                      smallconst   000608
__Hspace_0                         (abs)        000FF7
__Hspace_1                         (abs)        0000C0
__Hspace_2                         (abs)        000000
__Hspace_4                         (abs)        60000E
__Hstack                           stack        000000
__Hstruct                          struct       000000
__Htemp                            temp         000052
__Htext                            text         000000
__Htext0                           text0        000000
__Htext1                           text1        000000
__Htext10                          text10       000000
__Htext11                          text11       000000
__Htext12                          text12       000000
__Htext13                          text13       000000
__Htext14                          text14       000000
__Htext2                           text2        000000
__Htext3                           text3        000000
__Htext4                           text4        000000
__Htext5                           text5        000000
__Htext7                           text7        000000
__Htext8                           text8        000000
__Htext9                           text9        000000
__LRAM                             (abs)        000001
__Labs1                            abs1         000000
__Lbank0                           bank0        000000
__Lbank1                           bank1        000000
__Lbank2                           bank2        000000
__Lbank3                           bank3        000000
__Lbank4                           bank4        000000
__Lbank5                           bank5        000000
__Lbigbss                          bigbss       000000
__Lbigdata                         bigdata      000000
__Lbigram                          bigram       000000
__Lbss                             bss          000000
__LbssBANK0                        bssBANK0     000000
__LbssCOMRAM                       bssCOMRAM    000000
__Lcinit                           cinit        000000
__Lclrtext                         clrtext      000000
__Lcomram                          comram       000000
__Lconfig                          config       000000
__Lconst                           const        000000
__LcstackBANK0                     cstackBANK0  000000
__LcstackCOMRAM                    cstackCOMRAM 000000
__Ldata                            data         000000
__LdataCOMRAM                      dataCOMRAM   000000
__Leeprom_data                     eeprom_data  000000
__Lfarbss                          farbss       000000
__Lfardata                         fardata      000000
__Libigdata                        ibigdata     000000
__Lidata                           idata        000000
__LidataCOMRAM                     idataCOMRAM  000000
__Lidloc                           idloc        000000
__Lifardata                        ifardata     000000
__Linit                            init         00000E
__Lintcode                         intcode      000008
__Lintcode_body                    intcode_body 000000
__Lintcodelo                       intcodelo    00000E
__Lintentry                        intentry     000000
__Lintret                          intret       000000
__Lintsave_regs                    intsave_regs 000000
__Lirdata                          irdata       000000
__Lmediumconst                     mediumconst  000000
__LnvFARRAM                        nvFARRAM     000000
__Lnvbit                           nvbit        000000
__Lnvrram                          nvrram       000000
__Lparam                           rparam       000000
__Lpowerup                         powerup      00000E
__Lram                             ram          000000
__Lramtop                          ramtop       000600
__Lrbit                            rbit         000000
__Lrbss                            rbss         000000
__Lrdata                           rdata        000000
__Lreset_vec                       reset_vec    000000
__Lrparam                          rparam       000000
__Lsfr                             sfr          000000
__Lsmallconst                      smallconst   000600
__Lspace_0                         (abs)        000000
__Lspace_1                         (abs)        000000
__Lspace_2                         (abs)        000000
__Lspace_4                         (abs)        000000
__Lstack                           stack        000000
__Lstruct                          struct       000000
__Ltemp                            temp         000051
__Ltext                            text         000000
__Ltext0                           text0        000000
__Ltext1                           text1        000000
__Ltext10                          text10       000000
__Ltext11                          text11       000000
__Ltext12                          text12       000000
__Ltext13                          text13       000000
__Ltext14                          text14       000000
__Ltext2                           text2        000000
__Ltext3                           text3        000000
__Ltext4                           text4        000000
__Ltext5                           text5        000000
__Ltext7                           text7        000000
__Ltext8                           text8        000000
__Ltext9                           text9        000000
__S0                               (abs)        000FF7
__S1                               (abs)        0000C0
__S2                               (abs)        000000
__S4                               (abs)        000000
__S5                               (abs)        000000
___awdiv                           text13       000AA2
___awdiv@counter                   cstackCOMRAM 000005
___awdiv@dividend                  cstackCOMRAM 000001
___awdiv@divisor                   cstackCOMRAM 000003
___awdiv@quotient                  cstackCOMRAM 000007
___awdiv@sign                      cstackCOMRAM 000006
___awmod                           text14       000C1C
___awmod@counter                   cstackCOMRAM 000005
___awmod@dividend                  cstackCOMRAM 000001
___awmod@divisor                   cstackCOMRAM 000003
___awmod@sign                      cstackCOMRAM 000006
___inthi_sp                        stack        000000
___intlo_sp                        stack        000000
___param_bank                      (abs)        000000
___rparam_used                     (abs)        000001
___sp                              stack        000000
__accesstop                        (abs)        000080
__activetblptr                     (abs)        000002
__end_of___awdiv                   text13       000B66
__end_of___awmod                   text14       000CCC
__end_of__initialization           cinit        000F62
__end_of_display_binary            text7        000C1C
__end_of_fputc                     text4        000D64
__end_of_main                      text0        000F2A
__end_of_printf                    text1        000F98
__end_of_putch                     text5        000FD6
__end_of_timer_overflow_interrupt  intcode_body 000AA2
__end_of_vfpfcnvrt                 text3        0007B4
__end_of_vfprintf                  text2        000E70
__end_ofi2_fputc                   text11       000DFA
__end_ofi2_printf                  text8        000FBE
__end_ofi2_putch                   text12       000FEC
__end_ofi2_vfpfcnvrt               text10       000958
__end_ofi2_vfprintf                text9        000EE2
__initialization                   cinit        000F2A
__mediumconst                      mediumconst  000000
__pbssBANK0                        bssBANK0     000080
__pbssCOMRAM                       bssCOMRAM    000038
__pcinit                           cinit        000F2A
__pcstackBANK0                     cstackBANK0  0000A0
__pcstackCOMRAM                    cstackCOMRAM 000001
__pdataCOMRAM                      dataCOMRAM   000046
__pidataCOMRAM                     idataCOMRAM  000FEC
__pintcode                         intcode      000008
__pintcode_body                    intcode_body 000958
__psmallconst                      smallconst   000600
__ptext0                           text0        000EE2
__ptext1                           text1        000F70
__ptext10                          text10       0007B4
__ptext11                          text11       000D64
__ptext12                          text12       000FD6
__ptext13                          text13       000AA2
__ptext14                          text14       000C1C
__ptext2                           text2        000DFA
__ptext3                           text3        000608
__ptext4                           text4        000CCC
__ptext5                           text5        000FBE
__ptext7                           text7        000B66
__ptext8                           text8        000F98
__ptext9                           text9        000E70
__ramtop                           ramtop       000600
__size_of___awdiv                  (abs)        000000
__size_of___awmod                  (abs)        000000
__size_of_display_binary           (abs)        000000
__size_of_fputc                    (abs)        000000
__size_of_main                     (abs)        000000
__size_of_printf                   (abs)        000000
__size_of_putch                    (abs)        000000
__size_of_timer_overflow_interrupt (abs)        000000
__size_of_vfpfcnvrt                (abs)        000000
__size_of_vfprintf                 (abs)        000000
__size_ofi2_fputc                  (abs)        000000
__size_ofi2_printf                 (abs)        000000
__size_ofi2_putch                  (abs)        000000
__size_ofi2_vfpfcnvrt              (abs)        000000
__size_ofi2_vfprintf               (abs)        000000
__smallconst                       smallconst   000600
_display_binary                    text7        000B66
_flags                             bssCOMRAM    00003E
_fputc                             text4        000CCC
_main                              text0        000EE2
_nout                              bssCOMRAM    000038
_prec                              bssCOMRAM    00003C
_printf                            text1        000F70
_putch                             text5        000FBE
_timer_overflow_interrupt          intcode      000008
_vfpfcnvrt                         text3        000608
_vfprintf                          text2        000DFA
_width                             bssCOMRAM    00003A
btemp                              temp         000051
display_binary@F2856               dataCOMRAM   000046
display_binary@binary              cstackCOMRAM 000025
display_binary@i                   cstackCOMRAM 00002E
display_binary@num                 cstackCOMRAM 000021
end_of_initialization              cinit        000F62
fputc@c                            cstackBANK0  0000A1
fputc@fp                           cstackBANK0  0000A3
i2_fputc                           text11       000D64
i2_printf                          text8        000F98
i2_putch                           text12       000FD6
i2_vfpfcnvrt                       text10       0007B4
i2_vfprintf                        text9        000E70
i2fputc@c                          cstackCOMRAM 000002
i2fputc@fp                         cstackCOMRAM 000004
i2printf@ap                        cstackCOMRAM 00001F
i2printf@fmt                       cstackCOMRAM 00001D
i2putch@data                       cstackCOMRAM 000001
i2vfpfcnvrt@ap                     cstackCOMRAM 00000F
i2vfpfcnvrt@fmt                    cstackCOMRAM 00000D
i2vfpfcnvrt@fp                     cstackCOMRAM 00000B
i2vfpfcnvrt@vp                     cstackCOMRAM 000013
i2vfprintf@ap                      cstackCOMRAM 000019
i2vfprintf@cfmt                    cstackCOMRAM 00001B
i2vfprintf@fmt                     cstackCOMRAM 000017
i2vfprintf@fp                      cstackCOMRAM 000015
int$flags                          temp         000051
int_func                           intcode_body 000958
intlevel0                          text         000000
intlevel1                          text         000000
intlevel2                          text         000000
intlevel3                          text         000000
isa$std                            (abs)        000001
isa$xinst                          (abs)        000000
printf@ap                          cstackBANK0  0000BE
printf@fmt                         cstackBANK0  0000BC
putch@data                         cstackBANK0  0000A0
stackhi                            (abs)        0005FF
stacklo                            (abs)        0000C0
start                              init         00000E
start_initialization               cinit        000F2A
ttemp5                             temp         000052
ttemp6                             temp         000055
ttemp7                             temp         000059
vfpfcnvrt@ap                       cstackBANK0  0000AE
vfpfcnvrt@fmt                      cstackBANK0  0000AC
vfpfcnvrt@fp                       cstackBANK0  0000AA
vfpfcnvrt@vp                       cstackBANK0  0000B2
vfprintf@ap                        cstackBANK0  0000B8
vfprintf@cfmt                      cstackBANK0  0000BA
vfprintf@fmt                       cstackBANK0  0000B6
vfprintf@fp                        cstackBANK0  0000B4
wtemp8                             temp         000052


MODULE INFORMATION

Module		Function		Class		Link	Load	Size
C:\Program Files\Microchip\xc8\v2.32\pic\sources\c99\common\awdiv.c
		___awdiv       		CODE           	0AA2	0000	196

C:\Program Files\Microchip\xc8\v2.32\pic\sources\c99\common\awdiv.c estimated size: 196

C:\Program Files\Microchip\xc8\v2.32\pic\sources\c99\common\doprnt.c
		_vfpfcnvrt     		CODE           	0608	0000	428
		_vfprintf      		CODE           	0DFA	0000	118

C:\Program Files\Microchip\xc8\v2.32\pic\sources\c99\common\doprnt.c estimated size: 546

Main.c
		_putch         		CODE           	0FBE	0000	24
		_main          		CODE           	0EE2	0000	72
		_timer_overflow_interrupt		CODE           	0008	0000	336
		_display_binary		CODE           	0B66	0000	182

Main.c estimated size: 614

shared
		i2_printf      		CODE           	0F98	0000	38
		i2_vfpfcnvrt   		CODE           	07B4	0000	420
		i2_putch       		CODE           	0FD6	0000	22
		i2_vfprintf    		CODE           	0E70	0000	114
		__initialization		CODE           	0F2A	0000	56
		i2_fputc       		CODE           	0D64	0000	150

shared estimated size: 800

C:\Program Files\Microchip\xc8\v2.32\pic\sources\c99\common\awmod.c
		___awmod       		CODE           	0C1C	0000	176

C:\Program Files\Microchip\xc8\v2.32\pic\sources\c99\common\awmod.c estimated size: 176

C:\Program Files\Microchip\xc8\v2.32\pic\sources\c99\common\printf.c
		_printf        		CODE           	0F70	0000	40

C:\Program Files\Microchip\xc8\v2.32\pic\sources\c99\common\printf.c estimated size: 40

C:\Program Files\Microchip\xc8\v2.32\pic\sources\c99\common\nf_fputc.c
		_fputc         		CODE           	0CCC	0000	152

C:\Program Files\Microchip\xc8\v2.32\pic\sources\c99\common\nf_fputc.c estimated size: 152

